=== attempt6: quiesce ALL PL masters before reconfiguration ===
baseline EMIO (vendor PL): 0x00003FF8
-- 1. stop the radio streams --
   killed stream tools rc=0
   killed iiod rc=0
-- 2. unbind AD9361 consumers --
   79020000.cf-ad9361-lpc (cf_axi_adc) unbind rc=0
   79024000.cf-ad9361-dds-core-lpc (cf_axi_dds) unbind rc=0
-- 3. unbind the DMA engines --
   7c400000.dma unbind rc=0
   7c420000.dma unbind rc=0
-- 4. detach ethernet from the PL bridge --
   eth0 down rc=0
   macb unbind rc=0
-- PL should now be idle. Loading. --
[00:02:56] --- preconditions ---
[00:02:56] fpga manager: Xilinx Zynq FPGA Manager, state=operating
[00:02:56] bitstream   : /tmp/ps7_probe.swab.bin, 4045564 bytes
[00:02:56] NOTE: the PL is about to be replaced. Network on this board will drop.
[00:02:56] --- loading ---
[00:02:57] state after load: operating
fpga_manager fpga0: writing ps7_probe.swab.bin to Xilinx Zynq FPGA Manager
[00:02:57] --- verification ---
[00:02:57] EMIO read: 0x0C0047C0   anchor=0x47C0 expected=0x47C0
[00:02:57] anchor OK: our bitstream is in the fabric
[00:02:58] heartbeat: 6 -> 12
[00:02:58] clock OK: FCLK is running in the fabric
[00:02:58] ternary MAC vectors:
[00:02:59]   MAC x=42 w=1 -> 42   ok
[00:03:01]   MAC x=42 w=2 -> -42   ok
[00:03:02]   MAC x=42 w=0 -> 0   ok
[00:03:03]   MAC x=42 w=3 -> 0   ok
[00:03:04]   MAC x=127 w=1 -> 127   ok
[00:03:05]   MAC x=127 w=2 -> -127   ok
[00:03:05] --- VERDICT: loaded, clocked, and bit-exact against the software reference ---
[00:03:05] This is the first own bitstream to run in this PL.
[00:03:05] Run 'reboot' to restore the vendor bitstream and the radio.
EXIT_CODE=0
RUNNER_DONE
